[    00000] Linux version 4.15.0-55-generic (buildd@lcy01-amd64-029) (gcc version 74.0(Ubuntu 7.4.0-1ubuntu1~18.04.1)) #60-Ubuntu SMP Tue Jul 2 18:22:20 UTC 2019 (Ubuntu 4.15.0-55.60-generic 4.15.18)
[    0.000000] Command line: BOOT_IMAGE=/boot/vmlinuz-4.15.0-55-generic root=UUID=84b68602--df36-4d56-8934-50dd3bedf7f8 ro console=tty1 console=ttyS0
[    0.000000] KERNEL supported cpus:
[    0.000000]   Intel GenuineIntel
[    0.000000]   AMD AuthenticAMD
[    0.000000]   Centaur CentaurHauls
[    0.000000] x6/pu: Supporting XSAVE feature 0x001: 'x87 floating point registers'
[    0.000000] x86/fpu: Supporting XSAVE feature 0x002: 'SSE registers'
[   .000000] x86/fpu: Supporting XSAVE feature 0x004'AVX registers'
[    0.000000]x8/fu: xstteofset[2]:  576, xstate_sies2]:  256
[    000000] x86/fpuEnable xstate feures 0x7,ontext sie s 32 bytes, uin 'tandard' format.
[    0.000000] e820: BIOS-provided physica RM ap:
[   .00000] BIOS-e820: [mem 0x0000000000000000-0x000000000009fbff] usable
[    0.000000] BIOS-e820: [memx000000009c00-0x000000009ffff] reserve
   0.000000] OSe820: [mem 0x00000000000f0000-0x00000000000fffff] reserved
[    0.000000] BIOS-e820: [mem 0x00000000001000000-0x000000003ffeffff] usable
[    0.000000] BIOS-e820: [mem 0x000000003fff0000-0x000000003fffffff] ACPI data
[    0.000000] BIOS-e820: [mem 0x00000000fec00000-0x00000000fec00fff] reserved
[    0.000000] BIOS-e820: [mem 0x00000000fee00000-0x00000000fee00fff] reserved
[    0.000000] BIOS-e820: [mem 0x00000000fffc0000-0x00000000ffffffff] reserved
[    0.000000] NX (Execute Disable) protection: active
[    0.000000] SMBIOS 2.5 present.
[    0.000000] DMI: innotek GmbH VirtualBox/VirtualBox, BIOS VirtualBox 12/01/2006
[    0.000000] Hypervisor detected: KVM
[    0.000000] e820: last_pfn = 0x3fff0 max_arch_pfn = 0x400000000
[    0.000000] MTRR: Disabled
[    0.000000] x86/PAT: MTRRs disabled, skipping PAT initialization too.
[    0.000000] CPU MTRRs all blank - virtualized system.
[    0.000000] x86/PAT: Configuration [0-7]: WB  WT  UC- UC  WB  WT  UC- UC  
[    0.000000] found SMP MP-table at [mem 0x0009fff0-0x0009ffff] mapped at [        (ptrval)]
[    0.000000] Scanning 1 areas for low memory corruption
[    0.000000] RAMDISK: [mem 0x3598b00-0x3bcfff][    0.000000] ACPI:arly table checksum verification disabled
[    0.000000] ACPI: RSDP 0x00000000000E0000 000024 (v02 VBOX  )
    0.000000]ACPI: XT 0x000000FFF0030 0003 (01 VBOX   VBOXXSDT 00000001 ASL  00000061)
[    0.000000] ACPI: FACP 0x000000003FFF00F0 0000F4 (v04 VBOX   VBOXFACP 00000001 ASL  00000061)
[    0.0000]ACPI: DSDT 00000003FFF0470 002FF(v02 VBO  VBXBIOS 000002 NTL 2010052
    0.0000]ACPI: FACS0x0000003FFF0200 0000
[   0.000000ACI: FACS 0x000003FFFF0200 0000
[    0.000000] ACPI: APIC 0x000000003FFF0240 00005C (v02 VBOX   VBOXAPIC 00000001 ASL  00000061)
[    0.000000] ACPI: SSDT 0x000000003FFF02A0 0001CC (v01 VBOX   VBOXCPUT 00000002 INTL 20100528)
[    0.000000] No NUMA configuration found
[    0.000000] Faking a node at [mem 0x0000000000000000-0x000000003ffeffff]
[    0.000000] NODE_DATA(0) allocated [mem 0x3ffc5000-0x3ffeffff]
[    0.000000] kvm-clock: cpu 0, msr 0:3ff44001, primary cpu clock
[    0.000000] kvm-clock: Using msr 4b564d01 and 4b564d00
[    0.000000] kvm-clock: using sched offset of 4420877099 cycles
[    0.000000] clocksource: kvm-clock: mask: 0ffffffffffffffff max_cle: 0x1cd424dffb, max_idle_ns: 881590591483 ns
[    0.000000] Zone ranges:
[    0.000000]   DMA      [mem 0x0000000000001000-x00000000ffffff]    0.0000]  DMA32    [mem0x000000010000-x0000003feffff]
[  0000000] Nomal   empty
[    0.000000]   Device   empty
[    0.000000] Movable zone start for each node
[    0.000000] Ear memory node ranges
[    0.000000]   node   0: [mem 0x0000000000001000-0x000000000009efff]
[    0.000000]   node  : [mem x000000000010000-0x000000003ffeffff]
[    0.000000] Reserved but unavailable: 114 pages
[   0.00000]Intmem setup nde0 [mm 0x00000000001000-0x000000003ffefff
    0.000000] ACPI: PM-Timer IO Port: 0x4008
[    0.000000] IOAPIC[: apic_id 2, version 32, address 0xfec00000, GSI 0-23
[    0.000000] ACPI: INT_SRC_OVR (bus 0 bus_irq 0 global_irq 2 dfl dfl)
[    0.000000] ACPI: INT_SRC_OVR (bus 0 bus_irq 9 global_irq 9 low level)
[    0.000000] Using ACPI (MADT) for SMP configuration information
[    0.000000] smpboot: Allowing 2 CPUs, 0 hotplug CPUs
[    0.000000] PM: Registered nosave memory: [mem 0x00000000-0x00000fff]
[    0.000000 PM: Registered nosave memory: [mem 0x0009f000-0x0009ffff]
[    0.000000] PM: Registered nosave memory: [mem 0x000a0000-0x000effff]
[    0.000000] PM: Registered nosave memory: [mem 0x000f0000-0x000fffff]
[    0.000000] e820: [mem 0x400000-0xbfffff] available f PI devices
[    00000] Botig aravirtualized kernel on KVM
[    0.000000] clocksource: refined-jiffies: mask: 0xffffffff max_cycles: 0xffffffff, axide_ns: 4519600211568 ns
[    0.000000] random: get_random_bytes called from start_kernel+0x99/0x4fd with crng_init=0
[    0.000000] setup_percpu: NR_CPUS:8192 nr_cpumask_bits:2 nr_cpu_ids:2 nr_node_ds:
    0.00000] ercpu: Embedd 46 pages/cpu @        (ptrval) s151552 r8192 d28672 u1048576
[    0.000000] PV qsinlochash taleenries: 256orer: 0, 4096 bytes)
[    0.000000] Built 1 zonelists, mobility grouping n. Ttal page: 5713
[   .000000] Policy zone: DMA32
[    0.000000] Kernel command line: BOOT_IMAGE=/boot/vmlinuz-4.15.0-55-generic root=UUID=84b68602-df36-4d56-8934-50dd3bedf7f8 ro console=tty1 console=ttyS0
[    0.000000] Memory: 982928K/1048120K available (12300K kernel code, 2473K rwdata, 4276K rodata, 2408K init, 2416K bss, 65192K reserved, 0K cma-reserved)
[    0.000000] SLUB: HWalign=64, Order=0-3, MinObjects=0, CPUs=2, Nodes=1
[    0.000000] Kernel/User page tables isolation: enabled
[    0.000000] ftrace: allocating 39219 entries in 154 pages

[    0.004000] Hierarchical RU mplementation.
[    0.004000] 	RCU restricting CPUs from NR_CPUS=8192 to nr_cpu_ids=2.
[    0.004000] 	Tasks RCU enabled.
[   004000] RU:Adjusting geometry for rcu_fanout_leaf=16, nr_cpu_ids=2
[    0.004000] NR_IRQS: 524544, nr_irqs: 440, preallocated irqs: 16
[    0.004000] Console: colour VGA+ 80x25
[    0.004000] console [tty1] enabled
[    0.004000] console [ttyS0] enabled
[    0.004000] ACPI: Core revision 20170831
[    0.004000] ACPI: 2 ACPI AML tables successfully acquired and loaded
[    0.004000] APIC: Switch to symmetric I/O mode setup
[    0.006136] x2apic enabled
[    0.008010] Switched APIC routing to physical x2apic.
[    0.021651] ..TIMER: vector=0x30 apic1=0 pin1=2 apic2=-1 pin2=-1
[    0.024004] tsc: Detected 1607.999 MHz processor
[    0.028012] Calibrating delay loop (skipped) preset value.. 3215.99 BogoMIPS (lpj=6431996)
[    0.030804] pid_max: default: 32768 minimum: 301
[    0.032047] Security Framework initialized
[    0.036008] Yama: becoming mindful.
[    0.037054] AppArmor: AppArmor initialized
[    0.041914] Dentry cache hash table entries: 131072 (order: 8, 1048576 bytes)
[    0.044088] Inode-cache hash table entries: 65536 (order: 7, 524288 bytes)
[    0.048021] Mount-cache hash table entries: 2048 (order: 2, 16384 bytes)
[    0.052010] Mountpoint-cache hash table entries: 2048 (order: 2, 16384 bytes)
[    0.056249] mce: CPU supports 0 MCE banks
[    0.060020] Last level iTLB entries: 4KB 64, 2MB 8, 4MB 8
[    0.064003] Last level dTLB entries: 4KB 64, 2MB 0, 4MB 0, 1GB 4
[    0.068004] Spectre V2 : Mitigation: Full generic retpoline
[    0.072002] Spectre V2 : Spectre v2 / SpectreRSB mitigation: Filling RSB on context switch
[    0.076004] Speculative Store Bypass: Vulnerable
[    0.080094] MDS: Vulnerable: Clear CPU buffers attempted, no microcode
[    0.084095] Freeing SMP alternatives memory: 36K
[    0.096000] smpboot: CPU0: Intel(R) Core(TM) i5-8210Y CPU @ 1.60GHz (family: 0x6, model: 0x8e, stepping: 0x9)
[    0.096184] Performance Events: unsupported p6 CPU model 142 no PMU driver, software events only.
[    0.100054] Hierarchical SRCU implementation.
[    0.102286] NMI watchdog: Perf event create on CPU 0 failed with -2
[    0.104002] NMI watchdog: Perf NMI watchdog permanently disabled
[    0.108057] smp: Bringing up secondary CPUs ...
[    0.112102] x86: Booting SMP configuration:
[    0.116003] .... node  #0, CPUs:      #1
[    0.004000] kvm-clock: cpu 1, msr 0:3ff44041, secondary cpu clock
[    0.004000] mce: CPU supports 0 MCE banks
[    0.124139] smp: Brought up 1 node, 2 CPUs
[    0.128005] smpboot: Max logical packages: 1
[    0.132003] smpboot: Total of 2 processors activated (6431.99 BogoMIPS)
[    0.136154] devtmpfs: initialized
[    0.140055] x86/mm: Memory block size: 128MB
[    0.144148] evm: security.selinux
[    0.148003] evm: security.SMACK64
[    0.152005] evm: security.SMACK64EXEC
[    0.156009] evm: security.SMACK64TRANSMUTE
[    0.160006] evm: security.SMACK64MMAP
[    0.161241] evm: security.apparmor
[    0.164010] evm: security.ima
[    0.168005] evm: security.capability
[    0.169280] clocksource: jiffies: mask: 0xffffffff max_cycles: 0xffffffff, max_idle_ns: 7645041785100000 ns
[    0.172027] futex hash table entries: 512 (order: 3, 32768 bytes)
[    0.176121] pinctrl core: initialized pinctrl subsystem
[    0.181930] RTC time:  2:20:40, date: 08/16/19
[    0.184232] NET: Registered protocol family 16
[    0.188119] audit: initializing netlink subsys (disabled)
[    0.192047] audit: type=2000 audit(1565922041.545:1): state=initialized audit_enabled=0 res=1
[    0.292012] cpuidle: using governor ladder
[    0.294535] cpuidle: using governor menu
[    0.296064] ACPI: bus type PCI registered
[    0.297530] acpiphp: ACPI Hot Plug PCI Controller Driver version: 0.5
[    0.300094] PCI: Using configuration type 1 for base access
[    0.304091] HugeTLB registered 2.00 MiB page size, pre-allocated 0 pages
[    0.306412] ACPI: Added _OSI(Module Device)
[    0.308005] ACPI: Added _OSI(Processor Device)
[    0.309578] ACPI: Added _OSI(3.0 _SCP Extensions)
[    0.311130] ACPI: Added _OSI(Processor Aggregator Device)
[    0.312011] ACPI: Added _OSI(Linux-Dell-Video)
[    0.313546] ACPI: Added _OSI(Linux-Lenovo-NV-HDMI-Audio)
[    0.316016] ACPI: Added _OSI(Linux-HPI-Hybrid-Graphics)
[    0.318395] ACPI: Executed 1 blocks of module-level executable AML code
[    0.326263] ACPI: Interpreter enabled
[    0.328024] ACPI: (supports S0 S5)
[    0.332004] ACPI: Using IOAPIC for interrupt routing
[    0.336509] PCI: Using host bridge windows from ACPI; if necessary, use "pci=nocrs" and report a bug
[    0.340535] ACPI: Enabled 2 GPEs in block 00 to 07
[    0.364872] ACPI: PCI Root Bridge [PCI0] (domain 0000 [bus 00-ff])
[    0.368011] acpi PNP0A03:00: _OSC: OS supports [ASPM ClockPM Segments MSI]
[    0.371852] acpi PNP0A03:00: _OSC: not requesting OS control; OS requires [ExtendedConfig ASPM ClockPM MSI]
[    0.372020] acpi PNP0A03:00: fail to add MMCONFIG information, can't access extended PCI configuration space under this bridge.
[    0.376549] PCI host bridge to bus 0000:00
[    0.380007] pci_bus 0000:00: root bus resource [io  0x0000-0x0cf7 window]
[    0.384003] pci_bus 0000:00: root bus resource [io  0x0d00-0xffff window]
[    0.388005] pci_bus 0000:00: root bus resource [mem 0x000a0000-0x000bffff window]
[    0.392007] pci_bus 0000:00: root bus resource [mem 0x40000000-0xfdffffff window]
[    0.396006] pci_bus 0000:00: root bus resource [bus 00-ff]
[    0.403465] pci 0000:00:01.1: legacy IDE quirk: reg 0x10: [io  0x01f0-0x01f7]
[    0.404005] pci 0000:00:01.1: legacy IDE quirk: reg 0x14: [io  0x03f6]
[    0.408008] pci 0000:00:01.1: legacy IDE quirk: reg 0x18: [io  0x0170-0x0177]
[    0.412005] pci 0000:00:01.1: legacy IDE quirk: reg 0x1c: [io  0x0376]
[    0.435156] pci 0000:00:07.0: quirk: [io  0x4000-0x403f] claimed by PIIX4 ACPI
[    0.436034] pci 0000:00:07.0: quirk: [io  0x4100-0x410f] claimed by PIIX4 SMB
[    0.455801] ACPI: PCI Interrupt Link [LNKA] (IRQs 5 9 10 *11)
[    0.460309] ACPI: PCI Interrupt Link [LNKB] (IRQs 5 9 *10 11)
[    0.464186] ACPI: PCI Interrupt Link [LNKC] (IRQs 5 *9 10 11)
[    0.468163] ACPI: PCI Interrupt Link [LNKD] (IRQs 5 9 10 *11)
[    0.472430] SCSI subsystem initialized
[    0.476091] pci 0000:00:02.0: vgaarb: setting as boot VGA device
[    0.480000] pci 0000:00:02.0: vgaarb: VGA device added: decodes=io+mem,owns=io+mem,locks=none
[    0.480008] pci 0000:00:02.0: vgaarb: bridge control possible
[    0.484007] vgaarb: loaded
[    0.488056] ACPI: bus type USB registered
[    0.492041] usbcore: registered new interface driver usbfs
[    0.496017] usbcore: registered new interface driver hub
[    0.500037] usbcore: registered new device driver usb
[    0.508027] EDAC MC: Ver: 3.0.0
[    0.512389] PCI: Using ACPI for IRQ routing
[    0.516543] NetLabel: Initializing
[    0.520003] NetLabel:  domain hash size = 128
[    0.524005] NetLabel:  protocols = UNLABELED CIPSOv4 CALIPSO
[    0.528032] NetLabel:  unlabeled traffic allowed by default
[    0.532150] clocksource: Switched to clocksource kvm-clock
[    0.561375] VFS: Disk quotas dquot_6.6.0
[    0.568436] VFS: Dquot-cache hash table entries: 512 (order 0, 4096 bytes)
[  070887ApAror ApArmor Filesystem Enabled
[    0.797505] pnp: PnP ACPI init
[    0.800094] pnp: PnP ACPI: found 3 devices

[    0.818520] clocksource: acpi_pm: mask: 0xffffff max_cycles: 0xffffff, max_idle_ns: 2085701024 ns
[    0.823498] NET: Registered protocol family 2
[    0.829172] TCP established hash table entries: 8192 (order: 4, 65536 bytes)
[    0.833668] TCP bind hash table entries: 8192 (order: 5, 131072 bytes)
[    .868] TP:as tables configured (establshd 192 bind 81)[   .18924] UDP hash table entries: 512 (order: 2, 16384 bytes)
[    1.268653] UDP-Lite hash table entries: 512 (order: 2, 16384 bytes)
[    1.270421] NET: Registered protocol family 1
[    1.271647] pci 0000:00:00.0: Limiting direct PCI/PCI transfers
[    1.273308] pci 000:0:1.: ctvaing IA MAang workarounds
[    1.517660] pci 0000:00:02.0: Video device with shadowed ROM at [mem 0x000c0000-0x00fff]
    .6416]Unacin iitams..

[    2.227708] Freeing initrd memory: 19656K
[    2.267374] clocksource: tsc: mask: 0xffffffffffffffff max_cycles: 0x172da94f0e2, max_idle_ns: 440795278248 ns
[    2.361519] platform rtc_cmos: registered platform RTC device (no PNP device found)
[    2.379068] Scanning for low memory corruption every 60 seconds
[    2.387848] Initialise system trusted keyrings
[    2.393907] Key type blacklist registered
[    2.397386] workingset: timestamp_bits=36 max_order=18 bucket_order=0
[    2.409656] zbud: loaded
[    2.414646] squashfs: version 4.0 (2009/01/31) Phillip Lougher
[    2.422840] fuse init (API version 7.26)
[    2.449876] Key type asymmetric registered
[    2.451027] Asymmetric key parser 'x509' registered
[    2.452368] Block layer SCSI generic (bsg) driver version 0.4 loaded (major 246)
[    2.454350] io scheduler noop registered
[    2.455412] io scheduler deadline registered
[    2.456613] io scheduler cfq registered (default)
[    2.458326] ACPI: AC Adapter [AC] (on-line)
[    2.487419] input: Power Button as /devices/LNXSYSTM:00/LNXPWRBN:00/input/input0
[    2.519864] ACPI: Power Button [PWRF]
[    2.546880] input: Sleep Button as /devices/LNXSYSTM:00/LNXSLPBN:00/input/input1
[    2.561931] ACPI: Sleep Button [SLPF]
[    2.576277] Serial: 8250/16550 driver, 32 ports, IRQ sharing enabled
[    2.576628] ACPI: Battery Slot [BAT0] (battery present)
ÿ[    2.658387] 00:02: ttyS0 at I/O 0x3f8 (irq = 4, base_baud = 115200) is a 16550A
[    2.694664] Linux agpgart interface v0.103
[    2.766881] loop: module loaded
[    2.825888] scsi host0: ata_piix
[    2.835944] scsi host1: ata_piix
[    2.904064] ata1: PATA max UDMA/33 cmd 0x1f0 ctl 0x3f6 bmdma 0xd000 irq 14
[    2.907527] ata2: PATA max UDMA/33 cmd 0x170 ctl 0x376 bmdma 0xd008 irq 15
[    2.909628] libphy: Fixed MDIO Bus: probed
[    2.965457] tun: Universal TUN/TAP device driver, 1.6
[    2.976054] PPP generic driver version 2.4.2
[    3.015725] ehci_hcd: USB 2.0 'Enhanced' Host Controller (EHCI) Driver
[    3.018036] ehci-pci: EHCI PCI platform driver
[    3.019640] ehci-platform: EHCI generic platform driver
[    3.021567] ohci_hcd: USB 1.1 'Open' Host Controller (OHCI) Driver
[    3.023670] ohci-pci: OHCI PCI platform driver
[    3.025259] ohci-platform: OHCI generic platform driver
[    3.027020] uhci_hcd: USB Universal Host Controller Interface driver
[    3.029235] i8042: PNP: PS/2 Controller [PNP0303:PS2K,PNP0f03:PS2M] at 0x60,0x64 irq 1,12
[    3.032731] serio: i8042 KBD port at 0x60,0x64 irq 1
[    3.034490] serio: i8042 AUX port at 0x60,0x64 irq 12
[    3.036457] mousedev: PS/2 mouse device common for all mice
[    3.045656] input: AT Translated Set 2 keyboard as /devices/platform/i8042/serio0/input/input2
[    3.055867] rtc_cmos rtc_cmos: rtc core: registered rtc_cmos as rtc0
[    3.058672] rtc_cmos rtc_cmos: alarms up to one day, 114 bytes nvram
[    3.062249] i2c /dev entries driver
[    3.064286] device-mapper: uevent: version 1.0.3
[    3.067313] device-mapper: ioctl: 4.37.0-ioctl (2017-09-20) initialised: dm-devel@redhat.com
[    3.072256] ledtrig-cpu: registered to indicate activity on CPUs
[    3.079764] NET: Registered protocol family 10
[    3.102540] Segment Routing with IPv6
[    3.105174] NET: Registered protocol family 17
[    3.113219] Key type dns_resolver registered
[    3.116505] RAS: Correctable Errors collector initialized.
[    3.118225] sched_clock: Marking stable (3116466192, 0)->(9161681528, -6045215336)
[    3.139433] registered taskstats version 1
[    3.171743] Loading compiled-in X.509 certificates
[    3.181607] Loaded X.509 cert 'Build time autogenerated kernel key: 2ed9c0a78927f1fed24db33f01fd983502d97350'
[    3.210556] zswap: loaded using pool lzo/zbud
[    3.223103] Key type big_key registered
[    3.235600] Key type trusted registered
[    3.244705] Key type encrypted registered
[    3.258939] AppArmor: AppArmor sha1 policy hashing enabled
[    3.261912] ima: No TPM chip found, activating TPM-bypass! (rc=-19)
[    3.269726] ima: Allocated hash algorithm: sha1
[    3.294754] evm: HMAC attrs: 0x1
[    3.303295]   Magic number: 15:693:308
[    3.310314] tty tty37: hash matches
[    3.334677] rtc_cmos rtc_cmos: setting system clock to 2019-08-16 02:20:44 UTC (1565922044)
[    3.354440] BIOS EDD facility v0.16 2004-Jun-25, 0 devices found
[    3.378764] EDD information not available.
[    3.382748] Freeing unused kernel image memory: 2408K
[    3.412659] Write protecting the kernel read-only data: 20480k
[    3.423700] Freeing unused kernel image memory: 2008K
[    3.442848] Freeing unused kernel image memory: 1868K
[    3.466864] x86/mm: Checked W+X mappings: passed, no W+X pages found.
[    3.491130] x86/mm: Checking user space page tables
[    3.516573] x86/mm: Checked W+X mappings: passed, no W+X pages found.
Loading, please wait...
starting version 237
[    3.611830] e1000: Intel(R) PRO/1000 Network Driver - version 7.3.21-k8-NAPI
[    3.613841] e1000: Copyright (c) 1999-2006 Intel Corporation.
[    3.621483] Fusion MPT base driver 3.04.20
[    3.623039] Copyright (c) 1999-2008 LSI Corporation
[    3.632981] Fusion MPT SPI Host driver 3.04.20
[    3.638135] AVX2 version of gcm_enc/dec engaged.
[    3.639538] AES CTR mode by8 optimization enabled
[    3.838714] input: ImExPS/2 Generic Explorer Mouse as /devices/platform/i8042/serio1/input/input4
[    4.035174] e1000 0000:00:03.0 eth0: (PCI:33MHz:32-bit) 02:14:02:97:50:96
[    4.050630] e1000 0000:00:03.0 eth0: Intel(R) PRO/1000 Network Connection
[    4.552668] e1000 0000:00:08.0 eth1: (PCI:33MHz:32-bit) 08:00:27:d9:a4:0f
[    4.597851] e1000 0000:00:08.0 eth1: Intel(R) PRO/1000 Network Connection
[    4.602361] e1000 0000:00:03.0 enp0s3: renamed from eth0
[    4.604673] mptbase: ioc0: Initiating bringup
[    4.624983] e1000 0000:00:08.0 enp0s8: renamed from eth1
[    4.705199] ioc0: LSI53C1030 A0: Capabilities={Initiator}
[    4.976227] scsi host2: ioc0: LSI53C1030 A0, FwRev=00000000h, Ports=1, MaxQ=256, IRQ=20
[    5.145248] scsi 2:0:0:0: Direct-Access     VBOX     HARDDISK         1.0  PQ: 0 ANSI: 5
[    5.180095] scsi target2:0:0: Beginning Domain Validation
[    5.188776] scsi target2:0:0: Domain Validation skipping write tests
[    5.198483] scsi target2:0:0: Ending Domain Validation
[    5.201311] scsi target2:0:0: asynchronous
[    5.210407] scsi 2:0:1:0: Direct-Access     VBOX     HARDDISK         1.0  PQ: 0 ANSI: 5
[    5.244644] scsi target2:0:1: Beginning Domain Validation
[    5.273907] random: fast init done
[    5.278354] scsi target2:0:1: Domain Validation skipping write tests
[    5.317686] scsi target2:0:1: Ending Domain Validation
[    5.334038] scsi target2:0:1: asynchronous
[    5.350331] random: systemd-udevd: uninitialized urandom read (16 bytes read)
[    5.369321] random: systemd-udevd: uninitialized urandom read (16 bytes read)
[    5.370091] sd 2:0:0:0: [sda] 20971520 512-byte logical blocks: (10.7 GB/10.0 GiB)
[    5.370776] sd 2:0:0:0: [sda] Write Protect is off
[    5.371327] sd 2:0:0:0: [sda] Incomplete mode parameter data
[    5.371328] sd 2:0:0:0: [sda] Assuming drive cache: write through
[    5.375224]  sda: sda1
[    5.377444] sd 2:0:0:0: [sda] Attached SCSI disk
[    5.388570] sd 2:0:0:0: Attached scsi generic sg0 type 0
[    5.389093] sd 2:0:1:0: Attached scsi generic sg1 type 0
[    5.389605] sd 2:0:1:0: [sdb] 20480 512-byte logical blocks: (10.5 MB/10.0 MiB)
[    5.389673] sd 2:0:1:0: [sdb] Write Protect is off
[    5.389820] sd 2:0:1:0: [sdb] Incomplete mode parameter data
[    5.389821] sd 2:0:1:0: [sdb] Assuming drive cache: write through
[    5.394395] sd 2:0:1:0: [sdb] Attached SCSI disk
[    5.737739] random: systemd-udevd: uninitialized urandom read (16 bytes read)
Begin: Loading essential drivers ... [    7.216295] raid6: sse2x1   gen() 11337 MB/s
[    7.304247] raid6: sse2x1   xor()  7470 MB/s
[    7.368243] raid6: sse2x2   gen() 12998 MB/s
[    7.444262] raid6: sse2x2   xor()  9113 MB/s
[    7.508254] raid6: sse2x4   gen() 15184 MB/s
[    7.592115] raid6: sse2x4   xor()  7766 MB/s
[    7.640279] raid6: avx2x1   gen()  8786 MB/s
[    7.688260] raid6: avx2x1   xor() 12892 MB/s
[    7.756196] raid6: avx2x2   gen() 25433 MB/s
[    7.828299] raid6: avx2x2   xor() 15807 MB/s
[    7.916283] raid6: avx2x4   gen() 31546 MB/s
[    7.972245] raid6: avx2x4   xor() 18635 MB/s
[    8.000469] raid6: using algorithm avx2x4 gen() 31546 MB/s
[    8.038239] raid6: .... xor() 18635 MB/s, rmw enabled
[    8.041052] raid6: using avx2x2 recovery algorithm
[    8.096631] xor: automatically using best checksumming function   avx       
[    8.100370] async_tx: api initialized (async)
done.
Begin: Running /scripts/init-premount ... done.
Begin: Mounting root file system ... Begin: Running /scripts/local-top ... done.
Begin: Running /scripts/local-premount ... [    8.152270] Btrfs loaded, crc32c=crc32c-intel
Scanning for Btrfs filesystems
done.
Warning: fsck not present, so sk[    8.227277] EXT4-fs (sda1): INFO: recovery required on readonly filesystem
ipping root file system
[    8.231022] EXT4-fs (sda1): write access will be enabled during recovery
[    8.447043] EXT4-fs (sda1): recovery complete
[    9.059291] EXT4-fs (sda1): mounted filesystem with ordered data mode. Opts: (null)
done.
Begin: Running /scripts/local-bottom ... done.
Begin: Running /scripts/init-bottom ... done.
[    9.309833] ip_tables: (C) 2000-2006 Netfilter Core Team
[    9.327903] systemd[1]: systemd 237 running in system mode. (+PAM +AUDIT +SELINUX +IMA +APPARMOR +SMACK +SYSVINIT +UTMP +LIBCRYPTSETUP +GCRYPT +GNUTLS +ACL +XZ +LZ4 +SECCOMP +BLKID +ELFUTILS +KMOD -IDN2 +IDN -PCRE2 default-hierarchy=hybrid)
[    9.391230] systemd[1]: Detected virtualization oracle.
[    9.436464] systemd[1]: Detected architecture x86-64.

Welcome to [1mUbuntu 18.04.2 LTS[0m!

[    9.566607] systemd[1]: Set hostname to <ubuntu-bionic>.
[    9.949355] systemd[1]: Reached target Swap.
[[0;32m  OK  [0m] Reached target Swap.
[    9.952206] systemd[1]: Started Forward Password Requests to Wall Directory Watch.
[[0;32m  OK  [0m] Started Forward Password Requests to Wall Directory Watch.
[   10.093207] systemd[1]: Reached target User and Group Name Lookups.
[[0;32m  OK  [0m] Reached target User and Group Name Lookups.
[   10.153855] systemd[1]: Created slice User and Session Slice.
[[0;32m  OK  [0m] Created slice User and Session Slice.
[   10.256473] systemd[1]: Reached target System Time Synchronized.
[[0;32m  OK  [0m] Reached target System Time Synchronized.
[   10.288166] systemd[1]: Set up automount Arbitrary Executable File Formats File System Automount Point.
[[0;32m  OK  [0m] Set up automount Arbitrary Executabâ€¦rmats File System Automount Point.
[[0;32m  OK  [0m] Created slice System Slice.
[[0;32m  OK  [0m] Listening on LVM2 metadata daemon socket.
[[0;32m  OK  [0m] Listening on Journal Socket (/dev/log).
[[0;32m  OK  [0m] Listening on Syslog Socket.
[[0;32m  OK  [0m] Listening on /dev/initctl Compatibility Named Pipe.
[[0;32m  OK  [0m] Reached target Slices.
[[0;32m  OK  [0m] Listening on LVM2 poll daemon socket.
[[0;32m  OK  [0m] Listening on udev Kernel Socket.
[[0;32m  OK  [0m] Listening on udev Control Socket.
[[0;32m  OK  [0m] Listening on Network Service Netlink Socket.
[[0;32m  OK  [0m] Listening on Journal Audit Socket.
[[0;32m  OK  [0m] Listening on Device-mapper event daemon FIFOs.
[[0;32m  OK  [0m] Listening on Journal Socket.
         Mounting Huge Pages File System...
         Starting Monitoring of LVM2 mirrorsâ€¦ng dmeventd or progress polling...
         Starting udev Coldplug all Devices...
         Starting Create list of required stâ€¦ce nodes for the current kernel...
         Starting Journal Service...
         Mounting Kernel Debug File System...
         Starting Remount Root and Kernel File Systems...
[   10.928518] random: crng init done
[   10.930194] random: 7 urandom warning(s) missed due to ratelimiting
         Starting Load Kernel Modules...
[   10.943464] EXT4-fs (sda1): re-mounted. Opts: (null)
         Mounting POSIX Message Queue File System...
         Starting Set the console keyboard layout...
[[0;32m  OK  [0m] Created slice system-serial\x2dgetty.slice.
[   11.029436] Loading iSCSI transport class v2.0-870.
         Starting Uncomplicated firewall...
[[0;32m  OK  [0m] Started Journal [   11.038421] iscsi: registered transport (tcp)
Service.
[[0;32m  OK  [0m] Mounted Huge Pages File System.
[[0;32m  OK  [0m] Started Create list of required staâ€¦vice nodes for the current kernel.
[[0;32m  OK  [0m] Mounted Kernel Debug File System.
[[0;32m  OK  [0m] Started Remount Root and Kernel File Systems.
[[0;32m  OK  [0m] Mounted POSIX Message Queue File System.
[[0;32m  OK  [0m] Started Uncomplicated firewall.
[[0;32m  OK  [0m] Started LVM2 metadata daemon.
         Starting Load/Save Random Seed...
         Starting Create Static Device Nodes in /dev...
         Starting Flush Journal to Persistent Storage...
[[0;32m  OK  [[   11.174264] iscsi: registered transport (iser)
0m] Started udev Coldplug all Devices.
[[0;32m  OK  [0m] Started Load Kernel Modules.
         Mounting FUSE Control File System...
         Mounting Kernel Configuration File System...
         Starting Apply Kernel Variables...
[[0;32m  OK  [0m] Mounted FUSE Control File System.
[[0;32m  OK  [0m] Mounted Kernel Configuration File System.
[[0;32m  OK  [0m] Started Monitoring of LVM2 mirrors,â€¦sing dmeventd or progress polling.
[[0;32m  OK  [0m] Started Load/Save Random Seed.
[   11.232819] systemd-journald[405]: Received request to flush runtime journal from PID 1
[[0;32m  OK  [0m] Started Set the console keyboard layout.
[[0;32m  OK  [0m] Started Create Static Device Nodes in /dev.
         Starting udev Kernel Device Manager...
[[0;32m  OK  [0m] Reached target Local File Systems (Pre).
[[0;32m  OK  [0m] Reached target Local File Systems.
         Starting ebtables ruleset management...
         Starting AppArmor initialization...
         Starting Tell Plymouth To Write Out Runtime Data...
         Starting Set console font and keymap...
[[0;32m  OK  [0m] Started udev Kernel Device Manager.
[[0;32m  OK  [0m] Started Dispatch Password Requests to Console Directory Watch.
[[0;32m  OK  [0m] Reached target Local Encrypted Volumes.
[[0;32m  OK  [0m] Started Apply Kernel Variables.
[[0;32m  OK  [0m] Started Tell Plymouth To Write Out Runtime Data.
[[0;32m  OK  [0m] Started Set console font and keymap.
[[0;32m  OK  [0m] Started Flush Journal to Persistent Storage.
         Starting Create Volatile Files and Directories...
[[0;32m  OK  [0m] Started Create Volatile Files and Directories.
         Starting Update UTMP about System Boot/Shutdown...
[[0;32m  OK  [0m] Started ebtables ruleset management.
[[0;32m  OK  [0m] Started Update UTMP about System Boot/Shutdown.
[[0;32m  OK  [0m] Found device /dev/ttyS0.
[[0;32m  OK  [0m] Listening on Load/Save RF Kill Switch Status /dev/rfkill Watch.
[[0;32m  OK  [0m] Started AppArmor initialization.
         Starting Initial cloud-init job (pre-networking)...
[   13.709877] cloud-init[537]: Cloud-init v. 19.1-1-gbaa47854-0ubuntu1~18.04.1 running 'init-local' at Fri, 16 Aug 2019 02:20:54 +0000. Up 13.43 seconds.
[[0;32m  OK  [0m] Started Initial cloud-init job (pre-networking).
[[0;32m  OK  [0m] Reached target Network (Pre).
         Starting Network Service...
[[0;32m  OK  [0m] Started Network Service.
         Starting Network Name Resolution...
         Starting Wait for Network to be Configured...
[[0;32m  OK  [0m] Started Network Name Resolution.
[[0;32m  OK  [0m] Reached target Network.
[[0;32m  OK  [0m] Reached target Host and Network Name Lookups.
[[0;32m  OK  [0m] Started Wait for Network to be Configured.
         Starting Initial cloud-init job (metadata service crawler)...
[   16.419073] cloud-init[711]: Cloud-init v. 19.1-1-gbaa47854-0ubuntu1~18.04.1 running 'init' at Fri, 16 Aug 2019 02:20:57 +0000. Up 16.26 seconds.
[   16.476484] cloud-init[711]: ci-info: ++++++++++++++++++++++++++++++++++++++Net device info+++++++++++++++++++++++++++++++++++++++
[   16.522863] cloud-init[711]: ci-info: +--------+------+-----------------------------+---------------+--------+-------------------+
[   16.561817] cloud-init[711]: ci-info: | Device |  Up  |           Address           |      Mask     | Scope  |     Hw-Address    |
[   16.592237] cloud-init[711]: ci-info: +--------+------+-----------------------------+---------------+--------+-------------------+
[   16.596180] cloud-init[711]: ci-info: | enp0s3 | True |          10.0.2.15          | 255.255.255.0 | global | 02:14:02:97:50:96 |
[   16.632273] cloud-init[711]: ci-info: | enp0s3 | True |  fe80::14:2ff:fe97:5096/64  |       .       |  link  | 02:14:02:97:50:96 |
[[0;32m  OK  [0m] Started Initial cloud-init job (metadata service crawler).
[[0;32m  OK  [0m] Reached target System Initialization.
[   16.722468] cloud-init[711]: ci-info: | enp0s8 | True |        192.168.33.10        | 255.255.255.0 | global | 08:00:27:d9:a4:0f |
[[0;32m  OK  [0m] Listening on ACPID Listen Socket.
[   16.830864] cloud-init         Starting Socket activation for snappy daemon.
[711]: ci-info: | enp0s8 | True | fe80::a00:27ff:fed9:a40f/64 |       .       |  link  | 08:00:27:d9:a4:0f |
[   16.842698] cloud-init[711]: ci-info: |   lo   | True |          127.0.0.1          |   255.0.0.0   |  host  |         .         |
[   16.842785] cloud-init[711]: ci-info: |   lo   | True |           ::1/128           |       .       |  host  |         .         |
[   16.842855] cloud-init[711]: ci-info: +--------+------+-----------------------------+---------------+--------+-------------------+
[   16.843026] cloud-init[711]: ci-info: +++++++++++++++++++++++++++++Route IPv4 info+++++++++++++++++++++++++++++
[   16.843127] cloud-init[711]: ci-info: +-------+--------------+----------+-----------------+-----------+-------+
[   16.843210] cloud-init[711]: ci-info: | Route | Destination  | Gateway  |     Genmask     | Interface | Flags |
[   16.843279] cloud-init[711]: ci-info: +-------+--------------+----------+-----------------+-----------+-------+
[   16.843410] cloud-init[711]: ci-info: |   0   |   0.0.0.0    | 10.0.2.2 |     0.0.0.0     |   enp0s3  |   UG  |
[   16.843491] cloud-init[711]: ci-info: |   1   |   10.0.2.0   | 0.0.0.0  |  255.255.255.0  |   enp0s3  |   U   |
[   16.843560] cloud-init[711]: ci-info: |   2   |   10.0.2.2   | 0.0.0.0  | 255.255.255.255 |   enp0s3  |   UH  |
[   16.843634] cloud-init[711]: ci-info: |   3   | 192.168.33.0 | 0.0.0.0  |  255.255.255.0  |   enp0s8  |   U   |
[   16.843703] cloud-init[711]: ci-info: +-------+--------------+----------+-----------------+-----------+-------+
[   16.843827] cloud-init[711]: ci-info: +++++++++++++++++++Route IPv6 info+++++++++++++++++++
[   16.843976] cloud-init[711]: ci-info: +-------+-------------+---------+-----------+-------+
[   16.844075] cloud-init[711]: ci-info: | Route | Destination | Gateway | Interface | Flags |
[   16.844151] cloud-init[711]: ci-info: +-------+-------------+---------+-----------+-------+
[   16.844218] cloud-init[711]: ci-info: |   1   |  fe80::/64  |    ::   |   enp0s8  |   U   |
[   16.844293] cloud-init[711]: ci-info: |   2   |  fe80::/64  |    ::   |   enp0s3  |   U   |
[   16.844361] cloud-init[711]: ci-info: |   4   |    local    |    ::   |   enp0s3  |   U   |
[   16.844428] cloud-init[711]: ci-info: |   5   |    local    |    ::   |   enp0s8  |   U   |
[   16.844576] cloud-init[711]: ci-info: |   6   |   ff00::/8  |    ::   |   enp0s8  |   U   |
[   16.844649] cloud-init[711]: ci-info: |   7   |   ff00::/8  |    ::   |   enp0s3  |   U   |
[   16.844835] cloud-init[711]: ci-info: +-------+-------------+---------+-----------+-------+
[[0;32m  OK  [0m] Started Daily apt download activities.
[[0;32m  OK  [0m] Started Message of the Day.
[[0;32m  OK  [0m] Started Discard unused blocks once a week.
[[0;32m  OK  [0m] Listening on UUID daemon activation socket.
[[0;32m  OK  [0m] Listening on D-Bus System Message Bus Socket.
         Starting LXD - unix socket.
[[0;32m  OK  [0m] Started Daily Cleanup of Temporary Directories.
[[0;32m  OK  [0m] Started ACPI Events Check.
[[0;32m  OK  [0m] Reached target Paths.
[[0;32m  OK  [0m] Started Daily apt upgrade and clean activities.
[[0;32m  OK  [0m] Listening on Open-iSCSI iscsid Socket.
[[0;32m  OK  [0m] Reached target Timers.
[[0;32m  OK  [0m] Reached target Network is Online.
         Starting Availability of block devices...
[[0;32m  OK  [0m] Reached target Remote File Systems (Pre).
[[0;32m  OK  [0m] Reached target Remote File Systems.
[[0;32m  OK  [0m] Reached target Cloud-config availability.
[[0;32m  OK  [0m] Listening on Socket activation for snappy daemon.
[[0;32m  OK  [0m] Listening on LXD - unix socket.
[[0;32m  OK  [0m] Started Availability of block devices.
[[0;32m  OK  [0m] Reached target Sockets.
[[0;32m  OK  [0m] Reached target Basic System.
         Starting Accounts Service...
         Starting Permit User Sessions...
         Starting LSB: Record successful boot for GRUB...
         Starting Dispatcher daemon for systemd-networkd...
         Starting Login Service...
         Starting LSB: automatic crash report generation...
[[0;32m  OK  [0m] Started D-Bus System Message Bus.
         Starting System Logging Service...
         Starting vboxadd.service...
         Starting OpenBSD Secure Shell server...
[[0;32m  OK  [0m] Started Regular background program processing daemon.
         Starting LXD - container startup/shutdown...
[[0;32m  OK  [0m] Started Deferred execution scheduler.
[[0;32m  OK  [0m] Started FUSE filesystem for LXC.
         Starting Snappy daemon...
[[0;32m  OK  [0m] Started irqbalance daemon.
[[0;32m  OK  [0m] Started System Logging Service.
[[0;32m  OK  [0m] Started Permit User Sessions.
[[0;32m  OK  [0m] Started Dispatcher daemon for systemd-networkd.
[[0;32m  OK  [0m] Started OpenBSD Secure Shell server.
[[0;32m  OK  [0m] Started Login Service.
[[0;32m  OK  [0m] Started Unattended Upgrades Shutdown.
         Starting Authorization Manager...
         Starting Hold until boot process finishes up...
         Starting Terminate Plymouth Boot Screen...
[[0;32m  OK  [0m] Started LXD - container startup/shutdown.
[[0;32m  OK  [0m] Started Hold until boot process finishes up.
         Starting Set console scheme...
[[0;32m  OK  [0m] Started Serial Getty on ttyS0.
[[0;32m  OK  [0m] Started Terminate Plymouth Boot Screen.
[[0;32m  OK  [0m] Started Authorization Manager.
[[0;32m  OK  [0m] Started Accounts Service.
[[0;32m  OK  [0m] Started Set console scheme.
[[0;32m  OK  [0m] Created slice system-getty.slice.
[[0;32m  OK  [0m] Started Getty on tty1.
[[0;32m  OK  [0m] Reached target Login Prompts.
[[0;32m  OK  [0m] Started LSB: automatic crash report generation.
[[0;32m  OK  [0m] Started LSB: Record successful boot for GRUB.
[[0;32m  OK  [0m] Started vboxadd.service.
         Starting vboxadd-service.service...
[[0;32m  OK  [0m] Started Snappy daemon.
         Starting Wait until snapd is fully seeded...
[[0;32m  OK  [0m] Started vboxadd-service.service.
[[0;32m  OK  [0m] Started Wait until snapd is fully seeded.
         Starting Apply the settings specified in cloud-config...
[[0;32m  OK  [0m] Reached target Multi-User System.
[[0;32m  OK  [0m] Reached target Graphical Interface.
         Starting Update UTMP about System Runlevel Changes...
[[0;32m  OK  [0m] Started Update UTMP about System Runlevel Changes.
[   19.576739] cloud-init[1118]: Cloud-init v. 19.1-1-gbaa47854-0ubuntu1~18.04.1 running 'modules:config' at Fri, 16 Aug 2019 02:21:00 +0000. Up 19.41 seconds.
[[0;32m  OK  [0m] Started Apply the settings specified in cloud-config.
         Starting Execute cloud user/final scripts...
[   20.138903] cloud-init[1161]: Cloud-init v. 19.1-1-gbaa47854-0ubuntu1~18.04.1 running 'modules:final' at Fri, 16 Aug 2019 02:21:01 +0000. Up 20.01 seconds.
[   20.157570] cloud-init[1161]: Cloud-init v. 19.1-1-gbaa47854-0ubuntu1~18.04.1 finished at Fri, 16 Aug 2019 02:21:01 +0000. Datasource DataSourceNoCloud [seed=/dev/sdb][dsmode=net].  Up 20.12 seconds
[[0;32m  OK  [0m] Started Execute cloud user/final scripts.
         Starting Daily apt download activities...
[[0;32m  OK  [0m] Reached target Cloud-init target.

Ubuntu 18.04.2 LTS ubuntu-bionic ttyS0

ubuntu-bionic login:          Stopping Availability of block devices...
[[0;32m  OK  [0m] Closed Load/Save RF Kill Switch Status /dev/rfkill Watch.
         Stopping Authorization Manager...
         Stopping Session 1 of user vagrant.
         Stopping Session 3 of user vagrant.
[[0;32m  OK  [0m] Stopped target Host and Network Name Lookups.
         Stopping User Manager for UID 1000...
[[0;32m  OK  [0m] Stopped target Cloud-init target.
[[0;32m  OK  [0m] Stopped Execute cloud user/final scripts.
[[0;32m  OK  [0m] Stopped Apply the settings specified in cloud-config.
[[0;32m  OK  [0m] Stopped target Cloud-config availability.
[[0;32m  OK  [0m] Stopped target Network is Online.
[[0;32m  OK  [0m] Stopped target Timers.
[[0;32m  OK  [0m] Stopped Discard unused blocks once a week.
[[0;32m  OK  [0m] Stopped Message of the Day.
[[0;32m  OK  [0m] Stopped Daily Cleanup of Temporary Directories.
         Stopping Session 9 of user vagrant.
[[0;32m  OK  [0m] Stopped target Graphical Interface.
[[0;32m  OK  [0m] Stopped target Multi-User System.
[[0;32m  OK  [0d         Stopping LSB: automatic crash report generation...
         Stopping System Logging Service...
         Stopping FUSE filesystem for LXC...
         Stopping Accounts Service...
         Stopping vboxadd-service.service...
         Stopping Deferred execution scheduler...
[[0;32m  OK  [0m] Stopped Daily apt upgrade and clean activities.
[[0;32m  OK  [0m] Stopped Daily apt download activities.
[[0;32m  OK  [0m] Stopped target System Time Synchronized.
[[0;32m  OK  [0m] Stopped Wait until snapd is fully seeded.
         Stopping irqbalance daemon...
[[0;32m  OK  [0m] Unmounted /var/lib/lxcfs.
[[0;32m  OK  [0m] Stopped Accounts Service.
[[0;32m  OK  [0m] Stopped Dispatcher daemon for systemd-networkd.
[[0;32m  OK  [0m] Stopped System Logging Service.
[[0;32m  OK  [0m] Stopped Regular background program processing daemon.
[[0;32m  OK  [0m] Stopped Deferred execution scheduler.
[[0;32m  OK  [0m] Stopped irqbalance daemon.
[[0;32m  OK  [0m] Stopped OpenBSD Secure Shell server.
[[0;32m  OK  [0m] Stopped Unattended Upgrades Shutdown.
[[0;32m  OK  [0m] Stopped Authorization Manager.
[[0;32m  OK  [0m] Stopped Serial Getty on ttyS0.
[[0;32m  OK  [0m] Stopped Getty on tty1.
[[0;32m  OK  [0m] Stopped User Manager for UID 1000.
[[0;32m  OK  [0m] Stopped Availability of block devices.
[[0;32m  OK  [0m] Stopped D-Bus System Message Bus.
[[0;32m  OK  [0m] Stopped vboxadd-service.service.
[[0;32m  OK  [0m] Stopped FUSE filesystem for LXC.
[[0;32m  OK  [0m] Stopped Session 3 of user vagrant.
[[0;32m  OK  [0m] Stopped Session 1 of user vagrant.
[[0;32m  OK  [0m] Stopped Session 9 of user vagrant.
         Stopping vboxadd.service...
[[0;32m  OK  [0m] Removed slice User Slice of vagrant.
[[0;32m  OK  [0m] Removed slice system-getty.slice.
[[0;32m  OK  [0m] Removed slice system-serial\x2dgetty.slice.
         Stopping Permit User Sessions...
         Stopping Login Service...
[[0;32m  OK  [0m] Stopped LXD - container startup/shutdown.
[[0;32m  OK  [0m] Stopped LSB: Record successful boot for GRUB.
[[0;32m  OK  [0m] Stopped LSB: automatic crash report generation.
[[0;32m  OK  [0m] Stopped Permit User Sessions.
[[0;32m  OK  [0m] Stopped target Network.
         Stopping Network Name Resolution...
[[0;32m  OK  [0m] Stopped target Remote File Systems.
[[0;32m  OK  [0m] Stopped target Remote File Systems (Pre).
[[0;32m  OK  [0m] Stopped Login Service.
[[0;32m  OK  [0m] Stopped target User and Group Name Lookups.
[[0;32m  OK  [0m] Stopped Network Name Resolution.
[[0;32m  OK  [0m] Stopped vboxadd.service.
[[0;32m  OK  [0m] Stopped target Basic System.
[[0;32m  OK  [0m] Stopped target Slices.
[[0;32m  OK  [0m] Removed slice User and Session Slice.
[[0;32m  OK  [0m] Stopped target Sockets.
[[0;32m  OK  [0m] Closed UUID daemon activation socket.
[[0;32m  OK  [0m] Closed LXD - unix socket.
[[0;32m  OK  [0m] Closed D-Bus System Message Bus Socket.
[[0;32m  OK  [0m] Closed Open-iSCSI iscsid Socket.
[[0;32m  OK  [0m] Closed Socket activation for snappy daemon.
[[0;32m  OK  [0m] Closed ACPID Listen Socket.
[[0;32m  OK  [0m] Closed Syslog Socket.
[[0;32m  OK  [0m] Stopped target Paths.
[[0;32m  OK  [0m] Stopped ACPI Events Check.
[[0;32m  OK  [0m] Stopped target System Initialization.
[[0;32m  OK  [0m] Stopped target Local Encrypted Volumes.
[[0;32m  OK  [0m] Stopped Dispatch Password Requests to Console Directory Watch.
[[0;32m  OK  [0m] Stopped Initial cloud-init job (metadata service crawler).
[[0;32m  OK  [0m] Stopped Wait for Network to be Configured.
         Stopping Network Service...
         Stopping Load/Save Random Seed...
         Stopping Update UTMP about System Boot/Shutdown...
[[0;32m  OK  [0m] Stopped Forward Password Requests to Wall Directory Watch.
[[0;32m  OK  [0m] Stopped Network Service.
[[0;32m  OK  [0m] Stopped Load/Save Random Seed.
[[0;32m  OK  [0m] Stopped target Network (Pre).
[[0;32m  OK  [0m] Stopped Initial cloud-init job (pre-networking).
[[0;32m  OK  [0m] Stopped Apply Kernel Variables.
[[0;32m  OK  [0m] Stopped Load Kernel Modules.
[[0;32m  OK  [0m] Stopped Update UTMP about System Boot/Shutdown.
[[0;32m  OK  [0m] Stopped Create Volatile Files and Directories.
[[0;32m  OK  [0m] Stopped target Local File Systems.
         Unmounting /run/user/1000...
[[0;32m  OK  [0m] Unmounted /run/user/1000.
[[0;32m  OK  [0m] Reached target Unmount All Filesystems.
[[0;32m  OK  [0m] Stopped target Local File Systems (Pre).
[[0;32m  OK  [0m] Stopped Create Static Device Nodes in /dev.
         Stopping Monitoring of LVM2 mirrorsâ€¦ng dmeventd or progress polling...
[[0;32m  OK  [0m] Stopped Remount Root and Kernel File Systems.
[[0;32m  OK  [0m] Stopped target Swap.
[[0;32m  OK  [0m] Reached target Shutdown.
[[0;32m  OK  [0m] Reached target Final Step.
         Starting Power-Off...
[[0;32m  OK  [0m] Stopped Monitoring of LVM2 mirrors,â€¦sing dmeventd or progress polling.
         Stopping LVM2 metadata daemon...
[[0;32m  OK  [0m] Stopped LVM2 metadata daemon.
[ 4513.413412] reboot: Power down
